// Jest Snapshot v1, https://goo.gl/fbAQLP

exports[`MyFirstBlogPost renders unchanged 1`] = `
Array [
  <h1>
    My First Blog Post!
  </h1>,
  <p>
    Lorem ipsum dolor sit amet, consectetur adipiscing elit, sed do eiusmod tempor incididunt ut labore et dolore magna aliqua. 
  </p>,
  <h2>
    Tincidunt vitae semper quis lectus nulla at.
  </h2>,
  <p>
    Pellentesque eu tincidunt tortor aliquam nulla facilisi cras. Eget dolor morbi non arcu risus. Mus mauris vitae ultricies leo integer malesuada nunc vel risus. Nunc vel risus commodo viverra maecenas accumsan lacus vel. Nisl pretium fusce id velit ut. Dignissim diam quis enim lobortis scelerisque fermentum dui faucibus. Et sollicitudin ac orci phasellus egestas tellus rutrum. Sit amet facilisis magna etiam tempor orci eu lobortis elementum.
  </p>,
  <p>
    Eu tincidunt tortor aliquam nulla. Facilisi cras fermentum odio eu feugiat pretium nibh. Dictum fusce ut placerat orci nulla. At risus viverra adipiscing at in. Non tellus orci ac auctor augue mauris augue. Tempus egestas sed sed risus pretium quam vulputate. Diam quam nulla porttitor massa. Gravida quis blandit turpis cursus in hac habitasse. Nibh ipsum consequat nisl vel pretium lectus quam id leo. Vitae aliquet nec ullamcorper sit amet risus nullam eget. 
  </p>,
  <h2>
    Egestas pretium aenean pharetra magna ac placerat vestibulum lectus.
  </h2>,
  <p>
    Velit laoreet id donec ultrices tincidunt arcu non sodales. Quis ipsum suspendisse ultrices gravida. Non sodales neque sodales ut etiam. Pellentesque dignissim enim sit amet venenatis. Amet venenatis urna cursus eget nunc scelerisque viverra mauris.
  </p>,
  <p>
    Urna et pharetra pharetra massa. Lorem sed risus ultricies tristique nulla aliquet enim tortor. Ultrices tincidunt arcu non sodales neque sodales ut. Viverra maecenas accumsan lacus vel facilisis. Venenatis cras sed felis eget velit aliquet sagittis id. 
  </p>,
  <h2>
    In egestas erat imperdiet sed euismod nisi.
  </h2>,
  <p>
    Faucibus et molestie ac feugiat. Nascetur ridiculus mus mauris vitae ultricies leo integer malesuada nunc. Dictum fusce ut placerat orci. Dictumst quisque sagittis purus sit. Est ante in nibh mauris cursus. Quis imperdiet massa tincidunt nunc. Blandit libero volutpat sed cras ornare arcu dui vivamus arcu. Consequat semper viverra nam libero justo. Vel pretium lectus quam id leo in vitae. Neque volutpat ac tincidunt vitae semper quis lectus nulla. Mi bibendum neque egestas congue. Arcu felis bibendum ut tristique et egestas quis. Dolor sed viverra ipsum nunc aliquet.
  </p>,
  <p>
    In fermentum posuere urna nec tincidunt praesent semper. Enim diam vulputate ut pharetra sit amet. Tortor pretium viverra suspendisse potenti nullam ac tortor vitae. 
  </p>,
  <h2>
    Arcu ac tortor dignissim convallis aenean et tortor at.
  </h2>,
  <p>
    At auctor urna nunc id. Consequat interdum varius sit amet mattis vulputate enim nulla aliquet. 
  </p>,
  <p>
    Sed odio morbi quis commodo odio aenean sed. Ut sem viverra aliquet eget sit amet tellus. Lacinia at quis risus sed. Diam in arcu cursus euismod quis viverra nibh cras.
  </p>,
  <h2>
    Odio morbi quis commodo odio aenean sed adipiscing.
  </h2>,
  <p>
    Libero enim sed faucibus turpis in eu. Viverra orci sagittis eu volutpat odio. Duis convallis convallis tellus id interdum velit laoreet id. Elementum integer enim neque volutpat ac. Laoreet id donec ultrices tincidunt arcu non. Enim neque volutpat ac tincidunt vitae semper. 
  </p>,
  <p>
    Accumsan lacus vel facilisis volutpat est velit egestas dui id. Leo vel orci porta non pulvinar neque laoreet. Quis commodo odio aenean sed adipiscing diam donec. Euismod quis viverra nibh cras pulvinar.
  </p>,
]
`;
